Archive member included to satisfy reference by file (symbol)

z:/gcc_arm/bin/../lib/gcc/arm-none-eabi/7.2.1/thumb/v6-m\libgcc.a(_udivsi3.o)
                              Drivers/STM32F0xx_HAL_Driver/Src/stm32f0xx_hal.o (__aeabi_uidiv)
z:/gcc_arm/bin/../lib/gcc/arm-none-eabi/7.2.1/thumb/v6-m\libgcc.a(_dvmd_tls.o)
                              z:/gcc_arm/bin/../lib/gcc/arm-none-eabi/7.2.1/thumb/v6-m\libgcc.a(_udivsi3.o) (__aeabi_idiv0)
z:/gcc_arm/bin/../lib/gcc/arm-none-eabi/7.2.1/thumb/v6-m\libgcc.a(_arm_cmpsf2.o)
                              Src/main.o (__aeabi_fcmplt)
z:/gcc_arm/bin/../lib/gcc/arm-none-eabi/7.2.1/thumb/v6-m\libgcc.a(eqsf2.o)
                              z:/gcc_arm/bin/../lib/gcc/arm-none-eabi/7.2.1/thumb/v6-m\libgcc.a(_arm_cmpsf2.o) (__eqsf2)
z:/gcc_arm/bin/../lib/gcc/arm-none-eabi/7.2.1/thumb/v6-m\libgcc.a(gesf2.o)
                              z:/gcc_arm/bin/../lib/gcc/arm-none-eabi/7.2.1/thumb/v6-m\libgcc.a(_arm_cmpsf2.o) (__gesf2)
z:/gcc_arm/bin/../lib/gcc/arm-none-eabi/7.2.1/thumb/v6-m\libgcc.a(lesf2.o)
                              z:/gcc_arm/bin/../lib/gcc/arm-none-eabi/7.2.1/thumb/v6-m\libgcc.a(_arm_cmpsf2.o) (__lesf2)
z:/gcc_arm/bin/../lib/gcc/arm-none-eabi/7.2.1/thumb/v6-m\libgcc.a(divdf3.o)
                              Src/main.o (__aeabi_ddiv)
z:/gcc_arm/bin/../lib/gcc/arm-none-eabi/7.2.1/thumb/v6-m\libgcc.a(muldf3.o)
                              Src/main.o (__aeabi_dmul)
z:/gcc_arm/bin/../lib/gcc/arm-none-eabi/7.2.1/thumb/v6-m\libgcc.a(fixdfsi.o)
                              Src/main.o (__aeabi_d2iz)
z:/gcc_arm/bin/../lib/gcc/arm-none-eabi/7.2.1/thumb/v6-m\libgcc.a(floatsidf.o)
                              Src/main.o (__aeabi_i2d)
z:/gcc_arm/bin/../lib/gcc/arm-none-eabi/7.2.1/thumb/v6-m\libgcc.a(truncdfsf2.o)
                              Src/main.o (__aeabi_d2f)
z:/gcc_arm/bin/../lib/gcc/arm-none-eabi/7.2.1/thumb/v6-m\libgcc.a(_clzsi2.o)
                              z:/gcc_arm/bin/../lib/gcc/arm-none-eabi/7.2.1/thumb/v6-m\libgcc.a(divdf3.o) (__clzsi2)
z:/gcc_arm/bin/../lib/gcc/arm-none-eabi/7.2.1/../../../../arm-none-eabi/lib/thumb/v6-m\libc_nano.a(lib_a-exit.o)
                              z:/gcc_arm/bin/../lib/gcc/arm-none-eabi/7.2.1/../../../../arm-none-eabi/lib/thumb/v6-m/crt0.o (exit)
z:/gcc_arm/bin/../lib/gcc/arm-none-eabi/7.2.1/../../../../arm-none-eabi/lib/thumb/v6-m\libc_nano.a(lib_a-impure.o)
                              z:/gcc_arm/bin/../lib/gcc/arm-none-eabi/7.2.1/../../../../arm-none-eabi/lib/thumb/v6-m\libc_nano.a(lib_a-exit.o) (_global_impure_ptr)
z:/gcc_arm/bin/../lib/gcc/arm-none-eabi/7.2.1/../../../../arm-none-eabi/lib/thumb/v6-m\libc_nano.a(lib_a-init.o)
                              z:/gcc_arm/bin/../lib/gcc/arm-none-eabi/7.2.1/../../../../arm-none-eabi/lib/thumb/v6-m/crt0.o (__libc_init_array)
z:/gcc_arm/bin/../lib/gcc/arm-none-eabi/7.2.1/../../../../arm-none-eabi/lib/thumb/v6-m\libc_nano.a(lib_a-memset.o)
                              z:/gcc_arm/bin/../lib/gcc/arm-none-eabi/7.2.1/../../../../arm-none-eabi/lib/thumb/v6-m/crt0.o (memset)
z:/gcc_arm/bin/../lib/gcc/arm-none-eabi/7.2.1/../../../../arm-none-eabi/lib/thumb/v6-m\libc_nano.a(lib_a-sprintf.o)
                              Src/main.o (sprintf)
z:/gcc_arm/bin/../lib/gcc/arm-none-eabi/7.2.1/../../../../arm-none-eabi/lib/thumb/v6-m\libc_nano.a(lib_a-nano-svfprintf.o)
                              z:/gcc_arm/bin/../lib/gcc/arm-none-eabi/7.2.1/../../../../arm-none-eabi/lib/thumb/v6-m\libc_nano.a(lib_a-sprintf.o) (_svfprintf_r)
z:/gcc_arm/bin/../lib/gcc/arm-none-eabi/7.2.1/../../../../arm-none-eabi/lib/thumb/v6-m\libc_nano.a(lib_a-nano-vfprintf_i.o)
                              z:/gcc_arm/bin/../lib/gcc/arm-none-eabi/7.2.1/../../../../arm-none-eabi/lib/thumb/v6-m\libc_nano.a(lib_a-nano-svfprintf.o) (_printf_i)
z:/gcc_arm/bin/../lib/gcc/arm-none-eabi/7.2.1/../../../../arm-none-eabi/lib/thumb/v6-m\libc_nano.a(lib_a-memchr-stub.o)
                              z:/gcc_arm/bin/../lib/gcc/arm-none-eabi/7.2.1/../../../../arm-none-eabi/lib/thumb/v6-m\libc_nano.a(lib_a-nano-svfprintf.o) (memchr)
z:/gcc_arm/bin/../lib/gcc/arm-none-eabi/7.2.1/../../../../arm-none-eabi/lib/thumb/v6-m\libc_nano.a(lib_a-memcpy-stub.o)
                              z:/gcc_arm/bin/../lib/gcc/arm-none-eabi/7.2.1/../../../../arm-none-eabi/lib/thumb/v6-m\libc_nano.a(lib_a-nano-svfprintf.o) (memcpy)
z:/gcc_arm/bin/../lib/gcc/arm-none-eabi/7.2.1/../../../../arm-none-eabi/lib/thumb/v6-m\libc_nano.a(lib_a-memmove.o)
                              z:/gcc_arm/bin/../lib/gcc/arm-none-eabi/7.2.1/../../../../arm-none-eabi/lib/thumb/v6-m\libc_nano.a(lib_a-nano-svfprintf.o) (memmove)
z:/gcc_arm/bin/../lib/gcc/arm-none-eabi/7.2.1/../../../../arm-none-eabi/lib/thumb/v6-m\libc_nano.a(lib_a-nano-freer.o)
                              z:/gcc_arm/bin/../lib/gcc/arm-none-eabi/7.2.1/../../../../arm-none-eabi/lib/thumb/v6-m\libc_nano.a(lib_a-nano-svfprintf.o) (_free_r)
[...]
Memory Configuration

Name             Origin             Length             Attributes
RAM              0x20000000         0x00002000         xrw
FLASH            0x08000000         0x00010000         xr
*default*        0x00000000         0xffffffff

Linker script and memory map

LOAD z:/gcc_arm/bin/../lib/gcc/arm-none-eabi/7.2.1/thumb/v6-m/crti.o
LOAD z:/gcc_arm/bin/../lib/gcc/arm-none-eabi/7.2.1/thumb/v6-m/crtbegin.o
LOAD z:/gcc_arm/bin/../lib/gcc/arm-none-eabi/7.2.1/../../../../arm-none-eabi/lib/thumb/v6-m/crt0.o
LOAD Drivers/STM32F0xx_HAL_Driver/Src/stm32f0xx_hal.o
LOAD Drivers/STM32F0xx_HAL_Driver/Src/stm32f0xx_hal_cortex.o
LOAD Drivers/STM32F0xx_HAL_Driver/Src/stm32f0xx_hal_dma.o
LOAD Drivers/STM32F0xx_HAL_Driver/Src/stm32f0xx_hal_flash.o
LOAD Drivers/STM32F0xx_HAL_Driver/Src/stm32f0xx_hal_flash_ex.o
LOAD Drivers/STM32F0xx_HAL_Driver/Src/stm32f0xx_hal_gpio.o
LOAD Drivers/STM32F0xx_HAL_Driver/Src/stm32f0xx_hal_i2c.o
LOAD Drivers/STM32F0xx_HAL_Driver/Src/stm32f0xx_hal_i2c_ex.o
LOAD Drivers/STM32F0xx_HAL_Driver/Src/stm32f0xx_hal_pwr.o
LOAD Drivers/STM32F0xx_HAL_Driver/Src/stm32f0xx_hal_pwr_ex.o
LOAD Drivers/STM32F0xx_HAL_Driver/Src/stm32f0xx_hal_rcc.o
LOAD Drivers/STM32F0xx_HAL_Driver/Src/stm32f0xx_hal_rcc_ex.o
LOAD Drivers/STM32F0xx_HAL_Driver/Src/stm32f0xx_hal_tim.o
LOAD Drivers/STM32F0xx_HAL_Driver/Src/stm32f0xx_hal_tim_ex.o
LOAD Drivers/STM32F0xx_HAL_Driver/Src/stm32f0xx_hal_uart.o
LOAD Drivers/STM32F0xx_HAL_Driver/Src/stm32f0xx_hal_uart_ex.o
LOAD Src/dic.o
LOAD Src/gpio.o
LOAD Src/main.o
LOAD Src/stm32f0xx_hal_msp.o
LOAD Src/stm32f0xx_it.o
LOAD Src/system_stm32f0xx.o
LOAD Src/tim.o
LOAD Src/usart.o
LOAD startup/startup_stm32f051x8.o
LOAD z:/gcc_arm/bin/../lib/gcc/arm-none-eabi/7.2.1/../../../../arm-none-eabi/lib/thumb/v6-m\libm.a
START GROUP
LOAD z:/gcc_arm/bin/../lib/gcc/arm-none-eabi/7.2.1/thumb/v6-m\libgcc.a
LOAD z:/gcc_arm/bin/../lib/gcc/arm-none-eabi/7.2.1/../../../../arm-none-eabi/lib/thumb/v6-m\libc_nano.a
END GROUP
START GROUP
LOAD z:/gcc_arm/bin/../lib/gcc/arm-none-eabi/7.2.1/thumb/v6-m\libgcc.a
LOAD z:/gcc_arm/bin/../lib/gcc/arm-none-eabi/7.2.1/../../../../arm-none-eabi/lib/thumb/v6-m\libc_nano.a
LOAD z:/gcc_arm/bin/../lib/gcc/arm-none-eabi/7.2.1/../../../../arm-none-eabi/lib/thumb/v6-m\libnosys.a
END GROUP
START GROUP
LOAD z:/gcc_arm/bin/../lib/gcc/arm-none-eabi/7.2.1/thumb/v6-m\libgcc.a
LOAD z:/gcc_arm/bin/../lib/gcc/arm-none-eabi/7.2.1/../../../../arm-none-eabi/lib/thumb/v6-m\libc_nano.a
LOAD z:/gcc_arm/bin/../lib/gcc/arm-none-eabi/7.2.1/../../../../arm-none-eabi/lib/thumb/v6-m\libnosys.a
END GROUP
LOAD z:/gcc_arm/bin/../lib/gcc/arm-none-eabi/7.2.1/thumb/v6-m/crtend.o
LOAD z:/gcc_arm/bin/../lib/gcc/arm-none-eabi/7.2.1/thumb/v6-m/crtn.o
                0x20002000                _estack = 0x20002000
                0x00000200                _Min_Heap_Size = 0x200
                0x00000400                _Min_Stack_Size = 0x400

.isr_vector     0x08000000       0xc0
                0x08000000                . = ALIGN (0x4)
 *(.isr_vector)
 .isr_vector    0x08000000       0xc0 startup/startup_stm32f051x8.o
                0x08000000                g_pfnVectors
                0x080000c0                . = ALIGN (0x4)

.text           0x080000c0     0x4068
                0x080000c0                . = ALIGN (0x4)
 *(.text)
 .text          0x080000c0       0x48 z:/gcc_arm/bin/../lib/gcc/arm-none-eabi/7.2.1/thumb/v6-m/crtbegin.o
 .text          0x08000108      0x114 z:/gcc_arm/bin/../lib/gcc/arm-none-eabi/7.2.1/thumb/v6-m\libgcc.a(_udivsi3.o)
                0x08000108                __aeabi_uidiv
                0x08000108                __udivsi3
                0x08000214                __aeabi_uidivmod
 .text          0x0800021c        0x4 z:/gcc_arm/bin/../lib/gcc/arm-none-eabi/7.2.1/thumb/v6-m\libgcc.a(_dvmd_tls.o)
                0x0800021c                __aeabi_idiv0
                0x0800021c                __aeabi_ldiv0
 .text          0x08000220       0x74 z:/gcc_arm/bin/../lib/gcc/arm-none-eabi/7.2.1/thumb/v6-m\libgcc.a(_arm_cmpsf2.o)
                0x08000220                __aeabi_cfrcmple
                0x08000228                __aeabi_cfcmpeq
                0x08000228                __aeabi_cfcmple
                0x08000238                __aeabi_fcmpeq
                0x08000244                __aeabi_fcmplt
                0x08000258                __aeabi_fcmple
                0x0800026c                __aeabi_fcmpgt
                0x08000280                __aeabi_fcmpge
 .text          0x08000294       0x50 z:/gcc_arm/bin/../lib/gcc/arm-none-eabi/7.2.1/thumb/v6-m\libgcc.a(eqsf2.o)
                0x08000294                __eqsf2
                0x08000294                __nesf2
 .text          0x080002e4       0x9c z:/gcc_arm/bin/../lib/gcc/arm-none-eabi/7.2.1/thumb/v6-m\libgcc.a(gesf2.o)
                0x080002e4                __gesf2
                0x080002e4                __gtsf2
 .text          0x08000380       0xa0 z:/gcc_arm/bin/../lib/gcc/arm-none-eabi/7.2.1/thumb/v6-m\libgcc.a(lesf2.o)
                0x08000380                __ltsf2
                0x08000380                __lesf2
 .text          0x08000420      0x604 z:/gcc_arm/bin/../lib/gcc/arm-none-eabi/7.2.1/thumb/v6-m\libgcc.a(divdf3.o)
                0x08000420                __aeabi_ddiv
 .text          0x08000a24      0x4e4 z:/gcc_arm/bin/../lib/gcc/arm-none-eabi/7.2.1/thumb/v6-m\libgcc.a(muldf3.o)
                0x08000a24                __aeabi_dmul
 .text          0x08000f08       0x6c z:/gcc_arm/bin/../lib/gcc/arm-none-eabi/7.2.1/thumb/v6-m\libgcc.a(fixdfsi.o)
                0x08000f08                __aeabi_d2iz
 .text          0x08000f74       0x74 z:/gcc_arm/bin/../lib/gcc/arm-none-eabi/7.2.1/thumb/v6-m\libgcc.a(floatsidf.o)
                0x08000f74                __aeabi_i2d
 .text          0x08000fe8      0x108 z:/gcc_arm/bin/../lib/gcc/arm-none-eabi/7.2.1/thumb/v6-m\libgcc.a(truncdfsf2.o)
                0x08000fe8                __aeabi_d2f
 .text          0x080010f0       0x3c z:/gcc_arm/bin/../lib/gcc/arm-none-eabi/7.2.1/thumb/v6-m\libgcc.a(_clzsi2.o)
                0x080010f0                __clzsi2
 *(.text*)
 .text.HAL_InitTick
                0x0800112c       0x24 Drivers/STM32F0xx_HAL_Driver/Src/stm32f0xx_hal.o
                0x0800112c                HAL_InitTick
 .text.HAL_Init
                0x08001150       0x20 Drivers/STM32F0xx_HAL_Driver/Src/stm32f0xx_hal.o
                0x08001150                HAL_Init
 .text.HAL_IncTick
                0x08001170       0x10 Drivers/STM32F0xx_HAL_Driver/Src/stm32f0xx_hal.o
                0x08001170                HAL_IncTick
 .text.HAL_GetTick
                0x08001180        0xc Drivers/STM32F0xx_HAL_Driver/Src/stm32f0xx_hal.o
                0x08001180                HAL_GetTick
 .text.HAL_Delay
                0x0800118c       0x22 Drivers/STM32F0xx_HAL_Driver/Src/stm32f0xx_hal.o
                0x0800118c                HAL_Delay
 *fill*         0x080011ae        0x2 
 .text.HAL_NVIC_SetPriority
                0x080011b0       0x60 Drivers/STM32F0xx_HAL_Driver/Src/stm32f0xx_hal_cortex.o
                0x080011b0                HAL_NVIC_SetPriority
 .text.HAL_NVIC_EnableIRQ
                0x08001210       0x14 Drivers/STM32F0xx_HAL_Driver/Src/stm32f0xx_hal_cortex.o
                0x08001210                HAL_NVIC_EnableIRQ
 .text.HAL_SYSTICK_Config
                0x08001224       0x38 Drivers/STM32F0xx_HAL_Driver/Src/stm32f0xx_hal_cortex.o
                0x08001224                HAL_SYSTICK_Config
 .text.HAL_SYSTICK_CLKSourceConfig
                0x0800125c       0x20 Drivers/STM32F0xx_HAL_Driver/Src/stm32f0xx_hal_cortex.o
                0x0800125c                HAL_SYSTICK_CLKSourceConfig
 .text.HAL_SYSTICK_Callback
                0x0800127c        0x2 Drivers/STM32F0xx_HAL_Driver/Src/stm32f0xx_hal_cortex.o
                0x0800127c                HAL_SYSTICK_Callback
 .text.HAL_SYSTICK_IRQHandler
                0x0800127e        0x8 Drivers/STM32F0xx_HAL_Driver/Src/stm32f0xx_hal_cortex.o
                0x0800127e                HAL_SYSTICK_IRQHandler
 .text.HAL_DMA_Abort_IT
                0x08001286       0x4a Drivers/STM32F0xx_HAL_Driver/Src/stm32f0xx_hal_dma.o
                0x08001286                HAL_DMA_Abort_IT
 .text.HAL_GPIO_Init
                0x080012d0      0x18c Drivers/STM32F0xx_HAL_Driver/Src/stm32f0xx_hal_gpio.o
                0x080012d0                HAL_GPIO_Init
 .text.HAL_GPIO_WritePin
                0x0800145c        0xc Drivers/STM32F0xx_HAL_Driver/Src/stm32f0xx_hal_gpio.o
                0x0800145c                HAL_GPIO_WritePin
 .text.HAL_RCC_OscConfig
                0x08001468      0x454 Drivers/STM32F0xx_HAL_Driver/Src/stm32f0xx_hal_rcc.o
                0x08001468                HAL_RCC_OscConfig
 .text.HAL_RCC_GetSysClockFreq
                0x080018bc       0x70 Drivers/STM32F0xx_HAL_Driver/Src/stm32f0xx_hal_rcc.o
                0x080018bc                HAL_RCC_GetSysClockFreq
 .text.HAL_RCC_ClockConfig
                0x0800192c      0x154 Drivers/STM32F0xx_HAL_Driver/Src/stm32f0xx_hal_rcc.o
                0x0800192c                HAL_RCC_ClockConfig
 .text.HAL_RCC_GetHCLKFreq
                0x08001a80        0xc Drivers/STM32F0xx_HAL_Driver/Src/stm32f0xx_hal_rcc.o
                0x08001a80                HAL_RCC_GetHCLKFreq
 .text.HAL_RCC_GetPCLK1Freq
                0x08001a8c       0x20 Drivers/STM32F0xx_HAL_Driver/Src/stm32f0xx_hal_rcc.o
                0x08001a8c                HAL_RCC_GetPCLK1Freq
 .text.HAL_RCCEx_PeriphCLKConfig
                0x08001aac      0x12c Drivers/STM32F0xx_HAL_Driver/Src/stm32f0xx_hal_rcc_ex.o
                0x08001aac                HAL_RCCEx_PeriphCLKConfig
 .text.TIM_OC1_SetConfig
                0x08001bd8       0x88 Drivers/STM32F0xx_HAL_Driver/Src/stm32f0xx_hal_tim.o
 .text.TIM_OC3_SetConfig
                0x08001c60       0x90 Drivers/STM32F0xx_HAL_Driver/Src/stm32f0xx_hal_tim.o
 .text.TIM_OC4_SetConfig
                0x08001cf0       0x74 Drivers/STM32F0xx_HAL_Driver/Src/stm32f0xx_hal_tim.o
 .text.TIM_TI1_ConfigInputStage
                0x08001d64       0x22 Drivers/STM32F0xx_HAL_Driver/Src/stm32f0xx_hal_tim.o
 *fill*         0x08001d86        0x2 
 .text.TIM_TI2_ConfigInputStage
                0x08001d88       0x28 Drivers/STM32F0xx_HAL_Driver/Src/stm32f0xx_hal_tim.o
 .text.TIM_ITRx_SetConfig
                0x08001db0       0x10 Drivers/STM32F0xx_HAL_Driver/Src/stm32f0xx_hal_tim.o
 .text.HAL_TIM_Base_Start_IT
                0x08001dc0       0x16 Drivers/STM32F0xx_HAL_Driver/Src/stm32f0xx_hal_tim.o
                0x08001dc0                HAL_TIM_Base_Start_IT
 .text.HAL_TIM_PWM_MspInit
                0x08001dd6        0x2 Drivers/STM32F0xx_HAL_Driver/Src/stm32f0xx_hal_tim.o
                0x08001dd6                HAL_TIM_PWM_MspInit
 .text.HAL_TIM_PeriodElapsedCallback
                0x08001dd8        0x2 Drivers/STM32F0xx_HAL_Driver/Src/stm32f0xx_hal_tim.o
                0x08001dd8                HAL_TIM_PeriodElapsedCallback
 .text.HAL_TIM_OC_DelayElapsedCallback
                0x08001dda        0x2 Drivers/STM32F0xx_HAL_Driver/Src/stm32f0xx_hal_tim.o
                0x08001dda                HAL_TIM_OC_DelayElapsedCallback
 .text.HAL_TIM_IC_CaptureCallback
                0x08001ddc        0x2 Drivers/STM32F0xx_HAL_Driver/Src/stm32f0xx_hal_tim.o
                0x08001ddc                HAL_TIM_IC_CaptureCallback
 .text.HAL_TIM_PWM_PulseFinishedCallback
                0x08001dde        0x2 Drivers/STM32F0xx_HAL_Driver/Src/stm32f0xx_hal_tim.o
                0x08001dde                HAL_TIM_PWM_PulseFinishedCallback
 .text.HAL_TIM_TriggerCallback
                0x08001de0        0x2 Drivers/STM32F0xx_HAL_Driver/Src/stm32f0xx_hal_tim.o
                0x08001de0                HAL_TIM_TriggerCallback
 .text.HAL_TIM_IRQHandler
                0x08001de2      0x15a Drivers/STM32F0xx_HAL_Driver/Src/stm32f0xx_hal_tim.o
                0x08001de2                HAL_TIM_IRQHandler
 .text.TIM_Base_SetConfig
                0x08001f3c       0xa4 Drivers/STM32F0xx_HAL_Driver/Src/stm32f0xx_hal_tim.o
                0x08001f3c                TIM_Base_SetConfig
 .text.HAL_TIM_Base_Init
                0x08001fe0       0x34 Drivers/STM32F0xx_HAL_Driver/Src/stm32f0xx_hal_tim.o
                0x08001fe0                HAL_TIM_Base_Init
 .text.HAL_TIM_PWM_Init
                0x08002014       0x34 Drivers/STM32F0xx_HAL_Driver/Src/stm32f0xx_hal_tim.o
                0x08002014                HAL_TIM_PWM_Init
 .text.TIM_OC2_SetConfig
                0x08002048       0x88 Drivers/STM32F0xx_HAL_Driver/Src/stm32f0xx_hal_tim.o
                0x08002048                TIM_OC2_SetConfig
 .text.HAL_TIM_PWM_ConfigChannel
                0x080020d0       0xec Drivers/STM32F0xx_HAL_Driver/Src/stm32f0xx_hal_tim.o
                0x080020d0                HAL_TIM_PWM_ConfigChannel
 .text.TIM_ETR_SetConfig
                0x080021bc       0x18 Drivers/STM32F0xx_HAL_Driver/Src/stm32f0xx_hal_tim.o
                0x080021bc                TIM_ETR_SetConfig
 .text.HAL_TIM_ConfigClockSource
                0x080021d4      0x118 Drivers/STM32F0xx_HAL_Driver/Src/stm32f0xx_hal_tim.o
                0x080021d4                HAL_TIM_ConfigClockSource
 .text.TIM_CCxChannelCmd
                0x080022ec       0x16 Drivers/STM32F0xx_HAL_Driver/Src/stm32f0xx_hal_tim.o
                0x080022ec                TIM_CCxChannelCmd
 *fill*         0x08002302        0x2 
 .text.HAL_TIM_PWM_Start
                0x08002304       0x50 Drivers/STM32F0xx_HAL_Driver/Src/stm32f0xx_hal_tim.o
                0x08002304                HAL_TIM_PWM_Start
 .text.HAL_TIMEx_MasterConfigSynchronization
                0x08002354       0x4c Drivers/STM32F0xx_HAL_Driver/Src/stm32f0xx_hal_tim_ex.o
                0x08002354                HAL_TIMEx_MasterConfigSynchronization
 .text.HAL_TIMEx_CommutationCallback
                0x080023a0        0x2 Drivers/STM32F0xx_HAL_Driver/Src/stm32f0xx_hal_tim_ex.o
                0x080023a0                HAL_TIMEx_CommutationCallback
 .text.HAL_TIMEx_BreakCallback
                0x080023a2        0x2 Drivers/STM32F0xx_HAL_Driver/Src/stm32f0xx_hal_tim_ex.o
                0x080023a2                HAL_TIMEx_BreakCallback
 .text.UART_EndRxTransfer
                0x080023a4       0x24 Drivers/STM32F0xx_HAL_Driver/Src/stm32f0xx_hal_uart.o
 .text.HAL_UART_Receive_IT
                0x080023c8       0xb4 Drivers/STM32F0xx_HAL_Driver/Src/stm32f0xx_hal_uart.o
                0x080023c8                HAL_UART_Receive_IT
 .text.HAL_UART_TxCpltCallback
                0x0800247c        0x2 Drivers/STM32F0xx_HAL_Driver/Src/stm32f0xx_hal_uart.o
                0x0800247c                HAL_UART_TxCpltCallback
 .text.HAL_UART_ErrorCallback
                0x0800247e        0x2 Drivers/STM32F0xx_HAL_Driver/Src/stm32f0xx_hal_uart.o
                0x0800247e                HAL_UART_ErrorCallback
 .text.UART_DMAAbortOnError
                0x08002480       0x14 Drivers/STM32F0xx_HAL_Driver/Src/stm32f0xx_hal_uart.o
 .text.UART_SetConfig
                0x08002494      0x1b8 Drivers/STM32F0xx_HAL_Driver/Src/stm32f0xx_hal_uart.o
                0x08002494                UART_SetConfig
 .text.UART_AdvFeatureConfig
                0x0800264c       0xe0 Drivers/STM32F0xx_HAL_Driver/Src/stm32f0xx_hal_uart.o
                0x0800264c                UART_AdvFeatureConfig
 .text.UART_WaitOnFlagUntilTimeout
                0x0800272c       0x6c Drivers/STM32F0xx_HAL_Driver/Src/stm32f0xx_hal_uart.o
                0x0800272c                UART_WaitOnFlagUntilTimeout
 .text.UART_CheckIdleState
                0x08002798       0x78 Drivers/STM32F0xx_HAL_Driver/Src/stm32f0xx_hal_uart.o
                0x08002798                UART_CheckIdleState
 .text.HAL_UART_Init
                0x08002810       0x70 Drivers/STM32F0xx_HAL_Driver/Src/stm32f0xx_hal_uart.o
                0x08002810                HAL_UART_Init
 .text.UART_Transmit_IT
                0x08002880       0x6c Drivers/STM32F0xx_HAL_Driver/Src/stm32f0xx_hal_uart.o
                0x08002880                UART_Transmit_IT
 .text.UART_EndTransmit_IT
                0x080028ec       0x1a Drivers/STM32F0xx_HAL_Driver/Src/stm32f0xx_hal_uart.o
                0x080028ec                UART_EndTransmit_IT
 *fill*         0x08002906        0x2 
 .text.UART_Receive_IT
                0x08002908       0x88 Drivers/STM32F0xx_HAL_Driver/Src/stm32f0xx_hal_uart.o
                0x08002908                UART_Receive_IT
 .text.HAL_UART_IRQHandler
                0x08002990      0x144 Drivers/STM32F0xx_HAL_Driver/Src/stm32f0xx_hal_uart.o
                0x08002990                HAL_UART_IRQHandler
 .text.HAL_UARTEx_WakeupCallback
                0x08002ad4        0x2 Drivers/STM32F0xx_HAL_Driver/Src/stm32f0xx_hal_uart_ex.o
                0x08002ad4                HAL_UARTEx_WakeupCallback
 *fill*         0x08002ad6        0x2 
 .text.gpioDecode
                0x08002ad8       0x40 Src/dic.o
                0x08002ad8                gpioDecode
 .text.pinDecode
                0x08002b18       0x8a Src/dic.o
                0x08002b18                pinDecode
 *fill*         0x08002ba2        0x2 
 .text.MX_GPIO_Init
                0x08002ba4       0xa4 Src/gpio.o
                0x08002ba4                MX_GPIO_Init
 .text.HAL_UART_RxCpltCallback
                0x08002c48      0x148 Src/main.o
                0x08002c48                HAL_UART_RxCpltCallback
 .text.pinWrite
                0x08002d90       0x46 Src/main.o
                0x08002d90                pinWrite
 .text.shiftIn  0x08002dd6       0x7a Src/main.o
                0x08002dd6                shiftIn
 .text.lcdCommand
                0x08002e50       0x54 Src/main.o
                0x08002e50                lcdCommand
 .text.lcdWriteChar
                0x08002ea4       0x28 Src/main.o
                0x08002ea4                lcdWriteChar
 .text.lcdClear
                0x08002ecc       0x40 Src/main.o
                0x08002ecc                lcdClear
 .text.lcdFullDisplay
                0x08002f0c       0x48 Src/main.o
                0x08002f0c                lcdFullDisplay
 .text.showMotorStatus
                0x08002f54      0x158 Src/main.o
                0x08002f54                showMotorStatus
 .text.myTIM1IRQ
                0x080030ac      0x244 Src/main.o
                0x080030ac                myTIM1IRQ
 .text.lcdSetup
                0x080032f0       0x44 Src/main.o
                0x080032f0                lcdSetup
 .text._Error_Handler
                0x08003334        0x2 Src/main.o
                0x08003334                _Error_Handler
 *fill*         0x08003336        0x2 
 .text.SystemClock_Config
                0x08003338       0x98 Src/main.o
                0x08003338                SystemClock_Config
 .text.main     0x080033d0       0xfc Src/main.o
                0x080033d0                main
 .text.HAL_MspInit
                0x080034cc       0x44 Src/stm32f0xx_hal_msp.o
                0x080034cc                HAL_MspInit
 .text.SysTick_Handler
                0x08003510        0xc Src/stm32f0xx_it.o
                0x08003510                SysTick_Handler
 .text.TIM1_BRK_UP_TRG_COM_IRQHandler
                0x0800351c       0x14 Src/stm32f0xx_it.o
                0x0800351c                TIM1_BRK_UP_TRG_COM_IRQHandler
 .text.USART1_IRQHandler
                0x08003530       0x10 Src/stm32f0xx_it.o
                0x08003530                USART1_IRQHandler
 .text.SystemInit
                0x08003540       0x60 Src/system_stm32f0xx.o
                0x08003540                SystemInit
 .text.MX_TIM1_Init
                0x080035a0       0x7c Src/tim.o
                0x080035a0                MX_TIM1_Init
 .text.HAL_TIM_Base_MspInit
                0x0800361c       0x5c Src/tim.o
                0x0800361c                HAL_TIM_Base_MspInit
 .text.HAL_TIM_MspPostInit
                0x08003678       0x2e Src/tim.o
                0x08003678                HAL_TIM_MspPostInit
 *fill*         0x080036a6        0x2 
 .text.MX_TIM2_Init
                0x080036a8       0xfc Src/tim.o
                0x080036a8                MX_TIM2_Init
 .text.MX_USART1_UART_Init
                0x080037a4       0x44 Src/usart.o
                0x080037a4                MX_USART1_UART_Init
 .text.HAL_UART_MspInit
                0x080037e8       0x60 Src/usart.o
                0x080037e8                HAL_UART_MspInit
 .text.Reset_Handler
                0x08003848       0x50 startup/startup_stm32f051x8.o
                0x08003848                Reset_Handler
 .text.Default_Handler
                0x08003898        0x2 startup/startup_stm32f051x8.o
                0x08003898                TIM1_CC_IRQHandler
                0x08003898                TSC_IRQHandler
                0x08003898                HardFault_Handler
                0x08003898                ADC1_COMP_IRQHandler
                0x08003898                PVD_IRQHandler
                0x08003898                PendSV_Handler
                0x08003898                NMI_Handler
                0x08003898                I2C1_IRQHandler
                0x08003898                RCC_CRS_IRQHandler
                0x08003898                SPI1_IRQHandler
                0x08003898                TIM6_DAC_IRQHandler
                0x08003898                EXTI2_3_IRQHandler
                0x08003898                I2C2_IRQHandler
                0x08003898                TIM17_IRQHandler
                0x08003898                CEC_CAN_IRQHandler
                0x08003898                RTC_IRQHandler
                0x08003898                TIM16_IRQHandler
                0x08003898                TIM3_IRQHandler
                0x08003898                EXTI4_15_IRQHandler
                0x08003898                DMA1_Channel1_IRQHandler
                0x08003898                Default_Handler
                0x08003898                TIM14_IRQHandler
                0x08003898                DMA1_Channel4_5_IRQHandler
                0x08003898                TIM15_IRQHandler
                0x08003898                EXTI0_1_IRQHandler
                0x08003898                SPI2_IRQHandler
                0x08003898                SVC_Handler
                0x08003898                WWDG_IRQHandler
                0x08003898                TIM2_IRQHandler
                0x08003898                DMA1_Channel2_3_IRQHandler
                0x08003898                USART2_IRQHandler
                0x08003898                FLASH_IRQHandler
 *fill*         0x0800389a        0x2 
 .text.__libc_init_array
                0x0800389c       0x48 z:/gcc_arm/bin/../lib/gcc/arm-none-eabi/7.2.1/../../../../arm-none-eabi/lib/thumb/v6-m\libc_nano.a(lib_a-init.o)
                0x0800389c                __libc_init_array
 .text.sprintf  0x080038e4       0x40 z:/gcc_arm/bin/../lib/gcc/arm-none-eabi/7.2.1/../../../../arm-none-eabi/lib/thumb/v6-m\libc_nano.a(lib_a-sprintf.o)
                0x080038e4                siprintf
                0x080038e4                sprintf
 .text.__ssputs_r
                0x08003924       0xc4 z:/gcc_arm/bin/../lib/gcc/arm-none-eabi/7.2.1/../../../../arm-none-eabi/lib/thumb/v6-m\libc_nano.a(lib_a-nano-svfprintf.o)
                0x08003924                __ssputs_r
 .text._svfprintf_r
                0x080039e8      0x1fc z:/gcc_arm/bin/../lib/gcc/arm-none-eabi/7.2.1/../../../../arm-none-eabi/lib/thumb/v6-m\libc_nano.a(lib_a-nano-svfprintf.o)
                0x080039e8                _svfiprintf_r
                0x080039e8                _svfprintf_r
 .text._printf_common
                0x08003be4       0xda z:/gcc_arm/bin/../lib/gcc/arm-none-eabi/7.2.1/../../../../arm-none-eabi/lib/thumb/v6-m\libc_nano.a(lib_a-nano-vfprintf_i.o)
                0x08003be4                _printf_common
 *fill*         0x08003cbe        0x2 
 .text._printf_i
                0x08003cc0      0x210 z:/gcc_arm/bin/../lib/gcc/arm-none-eabi/7.2.1/../../../../arm-none-eabi/lib/thumb/v6-m\libc_nano.a(lib_a-nano-vfprintf_i.o)
                0x08003cc0                _printf_i
 .text.memchr   0x08003ed0       0x16 z:/gcc_arm/bin/../lib/gcc/arm-none-eabi/7.2.1/../../../../arm-none-eabi/lib/thumb/v6-m\libc_nano.a(lib_a-memchr-stub.o)
                0x08003ed0                memchr
 .text.memcpy   0x08003ee6       0x12 z:/gcc_arm/bin/../lib/gcc/arm-none-eabi/7.2.1/../../../../arm-none-eabi/lib/thumb/v6-m\libc_nano.a(lib_a-memcpy-stub.o)
                0x08003ee6                memcpy
 .text.memmove  0x08003ef8       0x26 z:/gcc_arm/bin/../lib/gcc/arm-none-eabi/7.2.1/../../../../arm-none-eabi/lib/thumb/v6-m\libc_nano.a(lib_a-memmove.o)
                0x08003ef8                memmove
 *fill*         0x08003f1e        0x2 
 .text._free_r  0x08003f20       0x94 z:/gcc_arm/bin/../lib/gcc/arm-none-eabi/7.2.1/../../../../arm-none-eabi/lib/thumb/v6-m\libc_nano.a(lib_a-nano-freer.o)
                0x08003f20                _free_r
 .text._malloc_r
                0x08003fb4       0xbc z:/gcc_arm/bin/../lib/gcc/arm-none-eabi/7.2.1/../../../../arm-none-eabi/lib/thumb/v6-m\libc_nano.a(lib_a-nano-mallocr.o)
                0x08003fb4                _malloc_r
 .text._realloc_r
                0x08004070       0x4c z:/gcc_arm/bin/../lib/gcc/arm-none-eabi/7.2.1/../../../../arm-none-eabi/lib/thumb/v6-m\libc_nano.a(lib_a-nano-reallocr.o)
                0x08004070                _realloc_r
 .text._sbrk_r  0x080040bc       0x24 z:/gcc_arm/bin/../lib/gcc/arm-none-eabi/7.2.1/../../../../arm-none-eabi/lib/thumb/v6-m\libc_nano.a(lib_a-sbrkr.o)
                0x080040bc                _sbrk_r
 .text.__malloc_lock
                0x080040e0        0x2 z:/gcc_arm/bin/../lib/gcc/arm-none-eabi/7.2.1/../../../../arm-none-eabi/lib/thumb/v6-m\libc_nano.a(lib_a-mlock.o)
                0x080040e0                __malloc_lock
 .text.__malloc_unlock
                0x080040e2        0x2 z:/gcc_arm/bin/../lib/gcc/arm-none-eabi/7.2.1/../../../../arm-none-eabi/lib/thumb/v6-m\libc_nano.a(lib_a-mlock.o)
                0x080040e2                __malloc_unlock
 .text._malloc_usable_size_r
                0x080040e4       0x10 z:/gcc_arm/bin/../lib/gcc/arm-none-eabi/7.2.1/../../../../arm-none-eabi/lib/thumb/v6-m\libc_nano.a(lib_a-nano-msizer.o)
                0x080040e4                _malloc_usable_size_r
 .text._sbrk    0x080040f4       0x1c z:/gcc_arm/bin/../lib/gcc/arm-none-eabi/7.2.1/../../../../arm-none-eabi/lib/thumb/v6-m\libnosys.a(sbrk.o)
                0x080040f4                _sbrk
 *(.glue_7)
 .glue_7        0x08004110        0x0 linker stubs
 *(.glue_7t)
 .glue_7t       0x08004110        0x0 linker stubs
 *(.eh_frame)
 .eh_frame      0x08004110        0x0 z:/gcc_arm/bin/../lib/gcc/arm-none-eabi/7.2.1/thumb/v6-m/crtbegin.o
 *(.init)
 .init          0x08004110        0x4 z:/gcc_arm/bin/../lib/gcc/arm-none-eabi/7.2.1/thumb/v6-m/crti.o
                0x08004110                _init
 .init          0x08004114        0x8 z:/gcc_arm/bin/../lib/gcc/arm-none-eabi/7.2.1/thumb/v6-m/crtn.o
 *(.fini)
 .fini          0x0800411c        0x4 z:/gcc_arm/bin/../lib/gcc/arm-none-eabi/7.2.1/thumb/v6-m/crti.o
                0x0800411c                _fini
 .fini          0x08004120        0x8 z:/gcc_arm/bin/../lib/gcc/arm-none-eabi/7.2.1/thumb/v6-m/crtn.o
                0x08004128                . = ALIGN (0x4)
                0x08004128                _etext = .

.vfp11_veneer   0x08004128        0x0
 .vfp11_veneer  0x08004128        0x0 linker stubs

.v4_bx          0x08004128        0x0
 .v4_bx         0x08004128        0x0 linker stubs

.iplt           0x08004128        0x0
 .iplt          0x08004128        0x0 z:/gcc_arm/bin/../lib/gcc/arm-none-eabi/7.2.1/thumb/v6-m/crtbegin.o

.rodata         0x08004128      0x16c
                0x08004128                . = ALIGN (0x4)
 *(.rodata)
 .rodata        0x08004128       0x20 Drivers/STM32F0xx_HAL_Driver/Src/stm32f0xx_hal_rcc.o
 .rodata        0x08004148       0x18 Src/system_stm32f0xx.o
                0x08004148                AHBPrescTable
                0x08004158                APBPrescTable
 .rodata        0x08004160       0x40 z:/gcc_arm/bin/../lib/gcc/arm-none-eabi/7.2.1/thumb/v6-m\libgcc.a(divdf3.o)
 .rodata        0x080041a0       0x40 z:/gcc_arm/bin/../lib/gcc/arm-none-eabi/7.2.1/thumb/v6-m\libgcc.a(muldf3.o)
 *(.rodata*)
 .rodata.str1.4
                0x080041e0       0x5d Src/main.o
 *fill*         0x0800423d        0x3 
 .rodata.str1.4
                0x08004240        0xd Src/tim.o
 *fill*         0x0800424d        0x3 
 .rodata.str1.4
                0x08004250       0x10 Src/usart.o
                                  0xf (size before relaxing)
 .rodata._svfprintf_r.str1.1
                0x08004260       0x11 z:/gcc_arm/bin/../lib/gcc/arm-none-eabi/7.2.1/../../../../arm-none-eabi/lib/thumb/v6-m\libc_nano.a(lib_a-nano-svfprintf.o)
 .rodata._printf_i.str1.1
                0x08004271       0x22 z:/gcc_arm/bin/../lib/gcc/arm-none-eabi/7.2.1/../../../../arm-none-eabi/lib/thumb/v6-m\libc_nano.a(lib_a-nano-vfprintf_i.o)
                0x08004294                . = ALIGN (0x4)
 *fill*         0x08004293        0x1 

.rel.dyn        0x08004294        0x0
 .rel.iplt      0x08004294        0x0 z:/gcc_arm/bin/../lib/gcc/arm-none-eabi/7.2.1/thumb/v6-m/crtbegin.o

.ARM.extab
 *(.ARM.extab* .gnu.linkonce.armextab.*)

.ARM            0x08004294        0x0
                0x08004294                __exidx_start = .
 *(.ARM.exidx*)
                0x08004294                __exidx_end = .

.preinit_array  0x08004294        0x0
                0x08004294                PROVIDE (__preinit_array_start, .)
 *(.preinit_array*)
                0x08004294                PROVIDE (__preinit_array_end, .)

.init_array     0x08004294        0x4
                0x08004294                PROVIDE (__init_array_start, .)
 *(SORT_BY_NAME(.init_array.*))
 *(.init_array*)
 .init_array    0x08004294        0x4 z:/gcc_arm/bin/../lib/gcc/arm-none-eabi/7.2.1/thumb/v6-m/crtbegin.o
                0x08004298                PROVIDE (__init_array_end, .)

.fini_array     0x08004298        0x4
                [!provide]                PROVIDE (__fini_array_start, .)
 *(SORT_BY_NAME(.fini_array.*))
 *(.fini_array*)
 .fini_array    0x08004298        0x4 z:/gcc_arm/bin/../lib/gcc/arm-none-eabi/7.2.1/thumb/v6-m/crtbegin.o
                [!provide]                PROVIDE (__fini_array_end, .)
                0x0800429c                _sidata = LOADADDR (.data)

.data           0x20000000       0xa0 load address 0x0800429c
                0x20000000                . = ALIGN (0x4)
                0x20000000                _sdata = .
 *(.data)
 .data          0x20000000       0x38 Src/main.o
                0x20000000                lcdEn
                0x20000008                clock595
                0x20000010                data595
                0x20000018                latch595
                0x20000020                lcdRw
                0x20000028                lcdRegSel
                0x20000030                valy
                0x20000034                clawState
 .data          0x20000038        0x4 Src/system_stm32f0xx.o
                0x20000038                SystemCoreClock
 *(.data*)
 .data._impure_ptr
                0x2000003c        0x4 z:/gcc_arm/bin/../lib/gcc/arm-none-eabi/7.2.1/../../../../arm-none-eabi/lib/thumb/v6-m\libc_nano.a(lib_a-impure.o)
                0x2000003c                _impure_ptr
 .data.impure_data
                0x20000040       0x60 z:/gcc_arm/bin/../lib/gcc/arm-none-eabi/7.2.1/../../../../arm-none-eabi/lib/thumb/v6-m\libc_nano.a(lib_a-impure.o)
                0x200000a0                . = ALIGN (0x4)
                0x200000a0                _edata = .

.igot.plt       0x200000a0        0x0 load address 0x0800433c
 .igot.plt      0x200000a0        0x0 z:/gcc_arm/bin/../lib/gcc/arm-none-eabi/7.2.1/thumb/v6-m/crtbegin.o
                0x200000a0                . = ALIGN (0x4)

.bss            0x200000a0      0x1cc load address 0x0800433c
                0x200000a0                _sbss = .
                0x200000a0                __bss_start__ = _sbss
 *(.bss)
 .bss           0x200000a0       0x1c z:/gcc_arm/bin/../lib/gcc/arm-none-eabi/7.2.1/thumb/v6-m/crtbegin.o
 .bss           0x200000bc       0x5c Src/main.o
                0x200000bc                mpuData
                0x20000100                tempFlag
                0x20000104                flag1
                0x20000108                flag2
                0x2000010c                msCount
                0x20000110                lAz
                0x20000114                flag3
 *(.bss*)
 .bss.__malloc_free_list
                0x20000118        0x4 z:/gcc_arm/bin/../lib/gcc/arm-none-eabi/7.2.1/../../../../arm-none-eabi/lib/thumb/v6-m\libc_nano.a(lib_a-nano-mallocr.o)
                0x20000118                __malloc_free_list
 .bss.__malloc_sbrk_start
                0x2000011c        0x4 z:/gcc_arm/bin/../lib/gcc/arm-none-eabi/7.2.1/../../../../arm-none-eabi/lib/thumb/v6-m\libc_nano.a(lib_a-nano-mallocr.o)
                0x2000011c                __malloc_sbrk_start
 .bss.heap_end.4102
                0x20000120        0x4 z:/gcc_arm/bin/../lib/gcc/arm-none-eabi/7.2.1/../../../../arm-none-eabi/lib/thumb/v6-m\libnosys.a(sbrk.o)
 *(COMMON)
 COMMON         0x20000124        0x4 Drivers/STM32F0xx_HAL_Driver/Src/stm32f0xx_hal.o
                0x20000124                uwTick
 COMMON         0x20000128       0x50 Src/main.o
                0x20000128                maxValC
                0x2000012c                valL
                0x20000130                accZ
                0x20000134                perB
                0x20000138                Ay
                0x2000013c                maxValB
                0x20000140                laccZ
                0x20000144                Ax
                0x20000148                minValL
                0x2000014c                perR
                0x20000150                perL
                0x20000154                minValB
                0x20000158                Az
                0x2000015c                valC
                0x20000160                minValC
                0x20000164                valR
                0x20000168                maxValL
                0x2000016c                minValR
                0x20000170                perC
                0x20000174                maxValR
 COMMON         0x20000178       0x80 Src/tim.o
                0x20000178                htim1
                0x200001b8                htim2
 COMMON         0x200001f8       0x70 Src/usart.o
                0x200001f8                huart1
 COMMON         0x20000268        0x4 z:/gcc_arm/bin/../lib/gcc/arm-none-eabi/7.2.1/../../../../arm-none-eabi/lib/thumb/v6-m\libc_nano.a(lib_a-reent.o)
                0x20000268                errno
                0x2000026c                . = ALIGN (0x4)
                0x2000026c                _ebss = .
                0x2000026c                __bss_end__ = _ebss

._user_heap_stack
                0x2000026c      0x604 load address 0x0800433c
                0x20000270                . = ALIGN (0x8)
 *fill*         0x2000026c        0x4 
                0x20000270                PROVIDE (end, .)
                [!provide]                PROVIDE (_end, .)
                0x20000470                . = (. + _Min_Heap_Size)
 *fill*         0x20000270      0x200 
                0x20000870                . = (. + _Min_Stack_Size)
 *fill*         0x20000470      0x400 
                0x20000870                . = ALIGN (0x8)

/DISCARD/
 libc.a(*)
 libm.a(*)
 libgcc.a(*)

.ARM.attributes
                0x00000000       0x28
 *(.ARM.attributes)
 .ARM.attributes
                0x00000000       0x1e z:/gcc_arm/bin/../lib/gcc/arm-none-eabi/7.2.1/thumb/v6-m/crti.o
 .ARM.attributes
                0x0000001e       0x2c z:/gcc_arm/bin/../lib/gcc/arm-none-eabi/7.2.1/thumb/v6-m/crtbegin.o
 .ARM.attributes
                0x0000004a       0x31 Drivers/STM32F0xx_HAL_Driver/Src/stm32f0xx_hal.o
 .ARM.attributes
                0x0000007b       0x31 Drivers/STM32F0xx_HAL_Driver/Src/stm32f0xx_hal_cortex.o
 .ARM.attributes
                0x000000ac       0x31 Drivers/STM32F0xx_HAL_Driver/Src/stm32f0xx_hal_dma.o
 .ARM.attributes
                0x000000dd       0x31 Drivers/STM32F0xx_HAL_Driver/Src/stm32f0xx_hal_gpio.o
 .ARM.attributes
                0x0000010e       0x31 Drivers/STM32F0xx_HAL_Driver/Src/stm32f0xx_hal_rcc.o
 .ARM.attributes
                0x0000013f       0x31 Drivers/STM32F0xx_HAL_Driver/Src/stm32f0xx_hal_rcc_ex.o
 .ARM.attributes
                0x00000170       0x31 Drivers/STM32F0xx_HAL_Driver/Src/stm32f0xx_hal_tim.o
 .ARM.attributes
                0x000001a1       0x31 Drivers/STM32F0xx_HAL_Driver/Src/stm32f0xx_hal_tim_ex.o
 .ARM.attributes
                0x000001d2       0x31 Drivers/STM32F0xx_HAL_Driver/Src/stm32f0xx_hal_uart.o
 .ARM.attributes
                0x00000203       0x31 Drivers/STM32F0xx_HAL_Driver/Src/stm32f0xx_hal_uart_ex.o
 .ARM.attributes
                0x00000234       0x31 Src/dic.o
 .ARM.attributes
                0x00000265       0x31 Src/gpio.o
 .ARM.attributes
                0x00000296       0x31 Src/main.o
 .ARM.attributes
                0x000002c7       0x31 Src/stm32f0xx_hal_msp.o
 .ARM.attributes
                0x000002f8       0x31 Src/stm32f0xx_it.o
 .ARM.attributes
                0x00000329       0x31 Src/system_stm32f0xx.o
 .ARM.attributes
                0x0000035a       0x31 Src/tim.o
 .ARM.attributes
                0x0000038b       0x31 Src/usart.o
 .ARM.attributes
                0x000003bc       0x21 startup/startup_stm32f051x8.o
 .ARM.attributes
                0x000003dd       0x1e z:/gcc_arm/bin/../lib/gcc/arm-none-eabi/7.2.1/thumb/v6-m\libgcc.a(_udivsi3.o)
 .ARM.attributes
                0x000003fb       0x1e z:/gcc_arm/bin/../lib/gcc/arm-none-eabi/7.2.1/thumb/v6-m\libgcc.a(_dvmd_tls.o)
 .ARM.attributes
                0x00000419       0x1e z:/gcc_arm/bin/../lib/gcc/arm-none-eabi/7.2.1/thumb/v6-m\libgcc.a(_arm_cmpsf2.o)
 .ARM.attributes
                0x00000437       0x2c z:/gcc_arm/bin/../lib/gcc/arm-none-eabi/7.2.1/thumb/v6-m\libgcc.a(eqsf2.o)
 .ARM.attributes
                0x00000463       0x2c z:/gcc_arm/bin/../lib/gcc/arm-none-eabi/7.2.1/thumb/v6-m\libgcc.a(gesf2.o)
 .ARM.attributes
                0x0000048f       0x2c z:/gcc_arm/bin/../lib/gcc/arm-none-eabi/7.2.1/thumb/v6-m\libgcc.a(lesf2.o)
 .ARM.attributes
                0x000004bb       0x2c z:/gcc_arm/bin/../lib/gcc/arm-none-eabi/7.2.1/thumb/v6-m\libgcc.a(divdf3.o)
 .ARM.attributes
                0x000004e7       0x2c z:/gcc_arm/bin/../lib/gcc/arm-none-eabi/7.2.1/thumb/v6-m\libgcc.a(muldf3.o)
 .ARM.attributes
                0x00000513       0x2c z:/gcc_arm/bin/../lib/gcc/arm-none-eabi/7.2.1/thumb/v6-m\libgcc.a(fixdfsi.o)
 .ARM.attributes
                0x0000053f       0x2c z:/gcc_arm/bin/../lib/gcc/arm-none-eabi/7.2.1/thumb/v6-m\libgcc.a(floatsidf.o)
 .ARM.attributes
                0x0000056b       0x2c z:/gcc_arm/bin/../lib/gcc/arm-none-eabi/7.2.1/thumb/v6-m\libgcc.a(truncdfsf2.o)
 .ARM.attributes
                0x00000597       0x1e z:/gcc_arm/bin/../lib/gcc/arm-none-eabi/7.2.1/thumb/v6-m\libgcc.a(_clzsi2.o)
 .ARM.attributes
                0x000005b5       0x2c z:/gcc_arm/bin/../lib/gcc/arm-none-eabi/7.2.1/../../../../arm-none-eabi/lib/thumb/v6-m\libc_nano.a(lib_a-impure.o)
 .ARM.attributes
                0x000005e1       0x2c z:/gcc_arm/bin/../lib/gcc/arm-none-eabi/7.2.1/../../../../arm-none-eabi/lib/thumb/v6-m\libc_nano.a(lib_a-init.o)
 .ARM.attributes
                0x0000060d       0x2c z:/gcc_arm/bin/../lib/gcc/arm-none-eabi/7.2.1/../../../../arm-none-eabi/lib/thumb/v6-m\libc_nano.a(lib_a-sprintf.o)
 .ARM.attributes
                0x00000639       0x2c z:/gcc_arm/bin/../lib/gcc/arm-none-eabi/7.2.1/../../../../arm-none-eabi/lib/thumb/v6-m\libc_nano.a(lib_a-nano-svfprintf.o)
 .ARM.attributes
                0x00000665       0x2c z:/gcc_arm/bin/../lib/gcc/arm-none-eabi/7.2.1/../../../../arm-none-eabi/lib/thumb/v6-m\libc_nano.a(lib_a-nano-vfprintf_i.o)
 .ARM.attributes
                0x00000691       0x2c z:/gcc_arm/bin/../lib/gcc/arm-none-eabi/7.2.1/../../../../arm-none-eabi/lib/thumb/v6-m\libc_nano.a(lib_a-memchr-stub.o)
 .ARM.attributes
                0x000006bd       0x2c z:/gcc_arm/bin/../lib/gcc/arm-none-eabi/7.2.1/../../../../arm-none-eabi/lib/thumb/v6-m\libc_nano.a(lib_a-memcpy-stub.o)
 .ARM.attributes
                0x000006e9       0x2c z:/gcc_arm/bin/../lib/gcc/arm-none-eabi/7.2.1/../../../../arm-none-eabi/lib/thumb/v6-m\libc_nano.a(lib_a-memmove.o)
 .ARM.attributes
                0x00000715       0x2c z:/gcc_arm/bin/../lib/gcc/arm-none-eabi/7.2.1/../../../../arm-none-eabi/lib/thumb/v6-m\libc_nano.a(lib_a-nano-freer.o)
 .ARM.attributes
                0x00000741       0x2c z:/gcc_arm/bin/../lib/gcc/arm-none-eabi/7.2.1/../../../../arm-none-eabi/lib/thumb/v6-m\libc_nano.a(lib_a-nano-mallocr.o)
 .ARM.attributes
                0x0000076d       0x2c z:/gcc_arm/bin/../lib/gcc/arm-none-eabi/7.2.1/../../../../arm-none-eabi/lib/thumb/v6-m\libc_nano.a(lib_a-nano-reallocr.o)
 .ARM.attributes
                0x00000799       0x2c z:/gcc_arm/bin/../lib/gcc/arm-none-eabi/7.2.1/../../../../arm-none-eabi/lib/thumb/v6-m\libc_nano.a(lib_a-sbrkr.o)
 .ARM.attributes
                0x000007c5       0x2c z:/gcc_arm/bin/../lib/gcc/arm-none-eabi/7.2.1/../../../../arm-none-eabi/lib/thumb/v6-m\libc_nano.a(lib_a-mlock.o)
 .ARM.attributes
                0x000007f1       0x2c z:/gcc_arm/bin/../lib/gcc/arm-none-eabi/7.2.1/../../../../arm-none-eabi/lib/thumb/v6-m\libc_nano.a(lib_a-nano-msizer.o)
 .ARM.attributes
                0x0000081d       0x2c z:/gcc_arm/bin/../lib/gcc/arm-none-eabi/7.2.1/../../../../arm-none-eabi/lib/thumb/v6-m\libc_nano.a(lib_a-reent.o)
 .ARM.attributes
                0x00000849       0x2c z:/gcc_arm/bin/../lib/gcc/arm-none-eabi/7.2.1/../../../../arm-none-eabi/lib/thumb/v6-m\libnosys.a(sbrk.o)
 .ARM.attributes
                0x00000875       0x1e z:/gcc_arm/bin/../lib/gcc/arm-none-eabi/7.2.1/thumb/v6-m/crtn.o
OUTPUT(ARM_ASSEMBLY.elf elf32-littlearm)

.debug_info     0x00000000    0x16d48
 .debug_info    0x00000000      0xe7f Drivers/STM32F0xx_HAL_Driver/Src/stm32f0xx_hal.o
 .debug_info    0x00000e7f      0xfe9 Drivers/STM32F0xx_HAL_Driver/Src/stm32f0xx_hal_cortex.o
 .debug_info    0x00001e68     0x102b Drivers/STM32F0xx_HAL_Driver/Src/stm32f0xx_hal_dma.o
 .debug_info    0x00002e93      0xe6b Drivers/STM32F0xx_HAL_Driver/Src/stm32f0xx_hal_gpio.o
 .debug_info    0x00003cfe     0x114c Drivers/STM32F0xx_HAL_Driver/Src/stm32f0xx_hal_rcc.o
 .debug_info    0x00004e4a      0xc12 Drivers/STM32F0xx_HAL_Driver/Src/stm32f0xx_hal_rcc_ex.o
 .debug_info    0x00005a5c     0x36f0 Drivers/STM32F0xx_HAL_Driver/Src/stm32f0xx_hal_tim.o
 .debug_info    0x0000914c     0x1b58 Drivers/STM32F0xx_HAL_Driver/Src/stm32f0xx_hal_tim_ex.o
 .debug_info    0x0000aca4     0x208d Drivers/STM32F0xx_HAL_Driver/Src/stm32f0xx_hal_uart.o
 .debug_info    0x0000cd31     0x11ee Drivers/STM32F0xx_HAL_Driver/Src/stm32f0xx_hal_uart_ex.o
 .debug_info    0x0000df1f     0x1122 Src/dic.o
 .debug_info    0x0000f041      0xc37 Src/gpio.o
 .debug_info    0x0000fc78     0x2108 Src/main.o
 .debug_info    0x00011d80      0xb52 Src/stm32f0xx_hal_msp.o
 .debug_info    0x000128d2     0x115a Src/stm32f0xx_it.o
 .debug_info    0x00013a2c      0xa74 Src/system_stm32f0xx.o
 .debug_info    0x000144a0     0x15fb Src/tim.o
 .debug_info    0x00015a9b     0x128b Src/usart.o
 .debug_info    0x00016d26       0x22 startup/startup_stm32f051x8.o

.debug_abbrev   0x00000000     0x2fbe
 .debug_abbrev  0x00000000      0x2f6 Drivers/STM32F0xx_HAL_Driver/Src/stm32f0xx_hal.o
 .debug_abbrev  0x000002f6      0x328 Drivers/STM32F0xx_HAL_Driver/Src/stm32f0xx_hal_cortex.o
 .debug_abbrev  0x0000061e      0x2df Drivers/STM32F0xx_HAL_Driver/Src/stm32f0xx_hal_dma.o
 .debug_abbrev  0x000008fd      0x2a7 Drivers/STM32F0xx_HAL_Driver/Src/stm32f0xx_hal_gpio.o
 .debug_abbrev  0x00000ba4      0x2ea Drivers/STM32F0xx_HAL_Driver/Src/stm32f0xx_hal_rcc.o
 .debug_abbrev  0x00000e8e      0x2a5 Drivers/STM32F0xx_HAL_Driver/Src/stm32f0xx_hal_rcc_ex.o
 .debug_abbrev  0x00001133      0x2e0 Drivers/STM32F0xx_HAL_Driver/Src/stm32f0xx_hal_tim.o
 .debug_abbrev  0x00001413      0x2e0 Drivers/STM32F0xx_HAL_Driver/Src/stm32f0xx_hal_tim_ex.o
 .debug_abbrev  0x000016f3      0x2cb Drivers/STM32F0xx_HAL_Driver/Src/stm32f0xx_hal_uart.o
 .debug_abbrev  0x000019be      0x2c0 Drivers/STM32F0xx_HAL_Driver/Src/stm32f0xx_hal_uart_ex.o
 .debug_abbrev  0x00001c7e      0x265 Src/dic.o
 .debug_abbrev  0x00001ee3      0x22b Src/gpio.o
 .debug_abbrev  0x0000210e      0x378 Src/main.o
 .debug_abbrev  0x00002486      0x234 Src/stm32f0xx_hal_msp.o
 .debug_abbrev  0x000026ba      0x21a Src/stm32f0xx_it.o
 .debug_abbrev  0x000028d4      0x205 Src/system_stm32f0xx.o
 .debug_abbrev  0x00002ad9      0x272 Src/tim.o
 .debug_abbrev  0x00002d4b      0x261 Src/usart.o
 .debug_abbrev  0x00002fac       0x12 startup/startup_stm32f051x8.o

.debug_loc      0x00000000     0x883e
 .debug_loc     0x00000000       0x7c Drivers/STM32F0xx_HAL_Driver/Src/stm32f0xx_hal.o
 .debug_loc     0x0000007c      0x393 Drivers/STM32F0xx_HAL_Driver/Src/stm32f0xx_hal_cortex.o
 .debug_loc     0x0000040f      0x7ee Drivers/STM32F0xx_HAL_Driver/Src/stm32f0xx_hal_dma.o
 .debug_loc     0x00000bfd      0x2fe Drivers/STM32F0xx_HAL_Driver/Src/stm32f0xx_hal_gpio.o
 .debug_loc     0x00000efb      0x475 Drivers/STM32F0xx_HAL_Driver/Src/stm32f0xx_hal_rcc.o
 .debug_loc     0x00001370      0x3ed Drivers/STM32F0xx_HAL_Driver/Src/stm32f0xx_hal_rcc_ex.o
 .debug_loc     0x0000175d     0x37cf Drivers/STM32F0xx_HAL_Driver/Src/stm32f0xx_hal_tim.o
 .debug_loc     0x00004f2c     0x126d Drivers/STM32F0xx_HAL_Driver/Src/stm32f0xx_hal_tim_ex.o
 .debug_loc     0x00006199     0x16c2 Drivers/STM32F0xx_HAL_Driver/Src/stm32f0xx_hal_uart.o
 .debug_loc     0x0000785b      0x438 Drivers/STM32F0xx_HAL_Driver/Src/stm32f0xx_hal_uart_ex.o
 .debug_loc     0x00007c93      0x6f0 Src/dic.o
 .debug_loc     0x00008383      0x248 Src/main.o
 .debug_loc     0x000085cb      0x13b Src/system_stm32f0xx.o
 .debug_loc     0x00008706       0xc4 Src/tim.o
 .debug_loc     0x000087ca       0x74 Src/usart.o

.debug_aranges  0x00000000      0xbf8
 .debug_aranges
                0x00000000       0xb8 Drivers/STM32F0xx_HAL_Driver/Src/stm32f0xx_hal.o
 .debug_aranges
                0x000000b8       0x78 Drivers/STM32F0xx_HAL_Driver/Src/stm32f0xx_hal_cortex.o
 .debug_aranges
                0x00000130       0x88 Drivers/STM32F0xx_HAL_Driver/Src/stm32f0xx_hal_dma.o
 .debug_aranges
                0x000001b8       0x58 Drivers/STM32F0xx_HAL_Driver/Src/stm32f0xx_hal_gpio.o
 .debug_aranges
                0x00000210       0x80 Drivers/STM32F0xx_HAL_Driver/Src/stm32f0xx_hal_rcc.o
 .debug_aranges
                0x00000290       0x30 Drivers/STM32F0xx_HAL_Driver/Src/stm32f0xx_hal_rcc_ex.o
 .debug_aranges
                0x000002c0      0x378 Drivers/STM32F0xx_HAL_Driver/Src/stm32f0xx_hal_tim.o
 .debug_aranges
                0x00000638      0x148 Drivers/STM32F0xx_HAL_Driver/Src/stm32f0xx_hal_tim_ex.o
 .debug_aranges
                0x00000780      0x1d8 Drivers/STM32F0xx_HAL_Driver/Src/stm32f0xx_hal_uart.o
 .debug_aranges
                0x00000958       0x60 Drivers/STM32F0xx_HAL_Driver/Src/stm32f0xx_hal_uart_ex.o
 .debug_aranges
                0x000009b8       0x88 Src/dic.o
 .debug_aranges
                0x00000a40       0x20 Src/gpio.o
 .debug_aranges
                0x00000a60       0x88 Src/main.o
 .debug_aranges
                0x00000ae8       0x20 Src/stm32f0xx_hal_msp.o
 .debug_aranges
                0x00000b08       0x30 Src/stm32f0xx_it.o
 .debug_aranges
                0x00000b38       0x28 Src/system_stm32f0xx.o
 .debug_aranges
                0x00000b60       0x40 Src/tim.o
 .debug_aranges
                0x00000ba0       0x30 Src/usart.o
 .debug_aranges
                0x00000bd0       0x28 startup/startup_stm32f051x8.o

.debug_ranges   0x00000000      0xb48
 .debug_ranges  0x00000000       0xa8 Drivers/STM32F0xx_HAL_Driver/Src/stm32f0xx_hal.o
 .debug_ranges  0x000000a8       0xb0 Drivers/STM32F0xx_HAL_Driver/Src/stm32f0xx_hal_cortex.o
 .debug_ranges  0x00000158       0x78 Drivers/STM32F0xx_HAL_Driver/Src/stm32f0xx_hal_dma.o
 .debug_ranges  0x000001d0       0x48 Drivers/STM32F0xx_HAL_Driver/Src/stm32f0xx_hal_gpio.o
 .debug_ranges  0x00000218       0x88 Drivers/STM32F0xx_HAL_Driver/Src/stm32f0xx_hal_rcc.o
 .debug_ranges  0x000002a0       0x38 Drivers/STM32F0xx_HAL_Driver/Src/stm32f0xx_hal_rcc_ex.o
 .debug_ranges  0x000002d8      0x368 Drivers/STM32F0xx_HAL_Driver/Src/stm32f0xx_hal_tim.o
 .debug_ranges  0x00000640      0x138 Drivers/STM32F0xx_HAL_Driver/Src/stm32f0xx_hal_tim_ex.o
 .debug_ranges  0x00000778      0x1c8 Drivers/STM32F0xx_HAL_Driver/Src/stm32f0xx_hal_uart.o
 .debug_ranges  0x00000940       0x50 Drivers/STM32F0xx_HAL_Driver/Src/stm32f0xx_hal_uart_ex.o
 .debug_ranges  0x00000990       0x78 Src/dic.o
 .debug_ranges  0x00000a08       0x10 Src/gpio.o
 .debug_ranges  0x00000a18       0x78 Src/main.o
 .debug_ranges  0x00000a90       0x10 Src/stm32f0xx_hal_msp.o
 .debug_ranges  0x00000aa0       0x20 Src/stm32f0xx_it.o
 .debug_ranges  0x00000ac0       0x18 Src/system_stm32f0xx.o
 .debug_ranges  0x00000ad8       0x30 Src/tim.o
 .debug_ranges  0x00000b08       0x20 Src/usart.o
 .debug_ranges  0x00000b28       0x20 startup/startup_stm32f051x8.o

.debug_macro    0x00000000    0x10cfc
 .debug_macro   0x00000000      0x33a Drivers/STM32F0xx_HAL_Driver/Src/stm32f0xx_hal.o
 .debug_macro   0x0000033a      0xa4e Drivers/STM32F0xx_HAL_Driver/Src/stm32f0xx_hal.o
 .debug_macro   0x00000d88       0x4c Drivers/STM32F0xx_HAL_Driver/Src/stm32f0xx_hal.o
 .debug_macro   0x00000dd4       0xab Drivers/STM32F0xx_HAL_Driver/Src/stm32f0xx_hal.o
 .debug_macro   0x00000e7f       0x2e Drivers/STM32F0xx_HAL_Driver/Src/stm32f0xx_hal.o
 .debug_macro   0x00000ead       0x22 Drivers/STM32F0xx_HAL_Driver/Src/stm32f0xx_hal.o
 .debug_macro   0x00000ecf       0x22 Drivers/STM32F0xx_HAL_Driver/Src/stm32f0xx_hal.o
 .debug_macro   0x00000ef1       0x87 Drivers/STM32F0xx_HAL_Driver/Src/stm32f0xx_hal.o
 .debug_macro   0x00000f78       0x51 Drivers/STM32F0xx_HAL_Driver/Src/stm32f0xx_hal.o
 .debug_macro   0x00000fc9       0xef Drivers/STM32F0xx_HAL_Driver/Src/stm32f0xx_hal.o
 .debug_macro   0x000010b8       0x6a Drivers/STM32F0xx_HAL_Driver/Src/stm32f0xx_hal.o
 .debug_macro   0x00001122      0x1df Drivers/STM32F0xx_HAL_Driver/Src/stm32f0xx_hal.o
 .debug_macro   0x00001301       0x34 Drivers/STM32F0xx_HAL_Driver/Src/stm32f0xx_hal.o
 .debug_macro   0x00001335       0x26 Drivers/STM32F0xx_HAL_Driver/Src/stm32f0xx_hal.o
 .debug_macro   0x0000135b      0x30d Drivers/STM32F0xx_HAL_Driver/Src/stm32f0xx_hal.o
 .debug_macro   0x00001668     0x8d15 Drivers/STM32F0xx_HAL_Driver/Src/stm32f0xx_hal.o
 .debug_macro   0x0000a37d       0x3c Drivers/STM32F0xx_HAL_Driver/Src/stm32f0xx_hal.o
 .debug_macro   0x0000a3b9       0x58 Drivers/STM32F0xx_HAL_Driver/Src/stm32f0xx_hal.o
 .debug_macro   0x0000a411       0x17 Drivers/STM32F0xx_HAL_Driver/Src/stm32f0xx_hal.o
 .debug_macro   0x0000a428       0x35 Drivers/STM32F0xx_HAL_Driver/Src/stm32f0xx_hal.o
 .debug_macro   0x0000a45d       0x9c Drivers/STM32F0xx_HAL_Driver/Src/stm32f0xx_hal.o
 .debug_macro   0x0000a4f9       0x16 Drivers/STM32F0xx_HAL_Driver/Src/stm32f0xx_hal.o
 .debug_macro   0x0000a50f       0x97 Drivers/STM32F0xx_HAL_Driver/Src/stm32f0xx_hal.o
 .debug_macro   0x0000a5a6      0x330 Drivers/STM32F0xx_HAL_Driver/Src/stm32f0xx_hal.o
 .debug_macro   0x0000a8d6       0xfd Drivers/STM32F0xx_HAL_Driver/Src/stm32f0xx_hal.o
 .debug_macro   0x0000a9d3       0x10 Drivers/STM32F0xx_HAL_Driver/Src/stm32f0xx_hal.o
 .debug_macro   0x0000a9e3       0x58 Drivers/STM32F0xx_HAL_Driver/Src/stm32f0xx_hal.o
 .debug_macro   0x0000aa3b       0x1f Drivers/STM32F0xx_HAL_Driver/Src/stm32f0xx_hal.o
 .debug_macro   0x0000aa5a       0x43 Drivers/STM32F0xx_HAL_Driver/Src/stm32f0xx_hal.o
 .debug_macro   0x0000aa9d       0x20 Drivers/STM32F0xx_HAL_Driver/Src/stm32f0xx_hal.o
 .debug_macro   0x0000aabd      0x18e Drivers/STM32F0xx_HAL_Driver/Src/stm32f0xx_hal.o
 .debug_macro   0x0000ac4b       0x10 Drivers/STM32F0xx_HAL_Driver/Src/stm32f0xx_hal.o
 .debug_macro   0x0000ac5b       0x1c Drivers/STM32F0xx_HAL_Driver/Src/stm32f0xx_hal.o
 .debug_macro   0x0000ac77       0x52 Drivers/STM32F0xx_HAL_Driver/Src/stm32f0xx_hal.o
 .debug_macro   0x0000acc9       0x40 Drivers/STM32F0xx_HAL_Driver/Src/stm32f0xx_hal.o
 .debug_macro   0x0000ad09       0x10 Drivers/STM32F0xx_HAL_Driver/Src/stm32f0xx_hal.o
 .debug_macro   0x0000ad19       0x40 Drivers/STM32F0xx_HAL_Driver/Src/stm32f0xx_hal.o
 .debug_macro   0x0000ad59       0xd7 Drivers/STM32F0xx_HAL_Driver/Src/stm32f0xx_hal.o
 .debug_macro   0x0000ae30       0x1c Drivers/STM32F0xx_HAL_Driver/Src/stm32f0xx_hal.o
 .debug_macro   0x0000ae4c       0x3d Drivers/STM32F0xx_HAL_Driver/Src/stm32f0xx_hal.o
 .debug_macro   0x0000ae89       0x16 Drivers/STM32F0xx_HAL_Driver/Src/stm32f0xx_hal.o
 .debug_macro   0x0000ae9f      0x16f Drivers/STM32F0xx_HAL_Driver/Src/stm32f0xx_hal.o
 .debug_macro   0x0000b00e       0x49 Drivers/STM32F0xx_HAL_Driver/Src/stm32f0xx_hal.o
 .debug_macro   0x0000b057      0x92f Drivers/STM32F0xx_HAL_Driver/Src/stm32f0xx_hal.o
 .debug_macro   0x0000b986      0x252 Drivers/STM32F0xx_HAL_Driver/Src/stm32f0xx_hal.o
 .debug_macro   0x0000bbd8      0x13a Drivers/STM32F0xx_HAL_Driver/Src/stm32f0xx_hal.o
 .debug_macro   0x0000bd12      0x114 Drivers/STM32F0xx_HAL_Driver/Src/stm32f0xx_hal.o
 .debug_macro   0x0000be26      0x1ed Drivers/STM32F0xx_HAL_Driver/Src/stm32f0xx_hal.o
 .debug_macro   0x0000c013       0x34 Drivers/STM32F0xx_HAL_Driver/Src/stm32f0xx_hal.o
 .debug_macro   0x0000c047       0x43 Drivers/STM32F0xx_HAL_Driver/Src/stm32f0xx_hal.o
 .debug_macro   0x0000c08a       0x28 Drivers/STM32F0xx_HAL_Driver/Src/stm32f0xx_hal.o
 .debug_macro   0x0000c0b2       0xb6 Drivers/STM32F0xx_HAL_Driver/Src/stm32f0xx_hal.o
 .debug_macro   0x0000c168      0x199 Drivers/STM32F0xx_HAL_Driver/Src/stm32f0xx_hal.o
 .debug_macro   0x0000c301      0x202 Drivers/STM32F0xx_HAL_Driver/Src/stm32f0xx_hal.o
 .debug_macro   0x0000c503       0x61 Drivers/STM32F0xx_HAL_Driver/Src/stm32f0xx_hal.o
 .debug_macro   0x0000c564       0x90 Drivers/STM32F0xx_HAL_Driver/Src/stm32f0xx_hal.o
 .debug_macro   0x0000c5f4       0x4d Drivers/STM32F0xx_HAL_Driver/Src/stm32f0xx_hal.o
 .debug_macro   0x0000c641      0x114 Drivers/STM32F0xx_HAL_Driver/Src/stm32f0xx_hal.o
 .debug_macro   0x0000c755      0x845 Drivers/STM32F0xx_HAL_Driver/Src/stm32f0xx_hal.o
 .debug_macro   0x0000cf9a       0x4c Drivers/STM32F0xx_HAL_Driver/Src/stm32f0xx_hal.o
 .debug_macro   0x0000cfe6      0x38a Drivers/STM32F0xx_HAL_Driver/Src/stm32f0xx_hal.o
 .debug_macro   0x0000d370      0x1f7 Drivers/STM32F0xx_HAL_Driver/Src/stm32f0xx_hal.o
 .debug_macro   0x0000d567      0x10d Drivers/STM32F0xx_HAL_Driver/Src/stm32f0xx_hal.o
 .debug_macro   0x0000d674      0x316 Drivers/STM32F0xx_HAL_Driver/Src/stm32f0xx_hal_cortex.o
 .debug_macro   0x0000d98a      0x316 Drivers/STM32F0xx_HAL_Driver/Src/stm32f0xx_hal_dma.o
 .debug_macro   0x0000dca0      0x34e Drivers/STM32F0xx_HAL_Driver/Src/stm32f0xx_hal_gpio.o
 .debug_macro   0x0000dfee      0x328 Drivers/STM32F0xx_HAL_Driver/Src/stm32f0xx_hal_rcc.o
 .debug_macro   0x0000e316      0x316 Drivers/STM32F0xx_HAL_Driver/Src/stm32f0xx_hal_rcc_ex.o
 .debug_macro   0x0000e62c      0x316 Drivers/STM32F0xx_HAL_Driver/Src/stm32f0xx_hal_tim.o
 .debug_macro   0x0000e942      0x316 Drivers/STM32F0xx_HAL_Driver/Src/stm32f0xx_hal_tim_ex.o
 .debug_macro   0x0000ec58      0x31e Drivers/STM32F0xx_HAL_Driver/Src/stm32f0xx_hal_uart.o
 .debug_macro   0x0000ef76      0x316 Drivers/STM32F0xx_HAL_Driver/Src/stm32f0xx_hal_uart_ex.o
 .debug_macro   0x0000f28c      0x314 Src/dic.o
 .debug_macro   0x0000f5a0       0x3a Src/dic.o
 .debug_macro   0x0000f5da      0x320 Src/gpio.o
 .debug_macro   0x0000f8fa      0x3aa Src/main.o
 .debug_macro   0x0000fca4       0x22 Src/main.o
 .debug_macro   0x0000fcc6       0x16 Src/main.o
 .debug_macro   0x0000fcdc       0x35 Src/main.o
 .debug_macro   0x0000fd11       0x16 Src/main.o
 .debug_macro   0x0000fd27       0x16 Src/main.o
 .debug_macro   0x0000fd3d       0x29 Src/main.o
 .debug_macro   0x0000fd66      0x316 Src/stm32f0xx_hal_msp.o
 .debug_macro   0x0001007c      0x320 Src/stm32f0xx_it.o
 .debug_macro   0x0001039c      0x316 Src/system_stm32f0xx.o
 .debug_macro   0x000106b2      0x320 Src/tim.o
 .debug_macro   0x000109d2      0x32a Src/usart.o

.debug_line     0x00000000     0xb1e5
 .debug_line    0x00000000      0x87c Drivers/STM32F0xx_HAL_Driver/Src/stm32f0xx_hal.o
 .debug_line    0x0000087c      0x875 Drivers/STM32F0xx_HAL_Driver/Src/stm32f0xx_hal_cortex.o
 .debug_line    0x000010f1      0x954 Drivers/STM32F0xx_HAL_Driver/Src/stm32f0xx_hal_dma.o
 .debug_line    0x00001a45      0x859 Drivers/STM32F0xx_HAL_Driver/Src/stm32f0xx_hal_gpio.o
 .debug_line    0x0000229e      0x98e Drivers/STM32F0xx_HAL_Driver/Src/stm32f0xx_hal_rcc.o
 .debug_line    0x00002c2c      0x80e Drivers/STM32F0xx_HAL_Driver/Src/stm32f0xx_hal_rcc_ex.o
 .debug_line    0x0000343a     0x1878 Drivers/STM32F0xx_HAL_Driver/Src/stm32f0xx_hal_tim.o
 .debug_line    0x00004cb2      0xd1a Drivers/STM32F0xx_HAL_Driver/Src/stm32f0xx_hal_tim_ex.o
 .debug_line    0x000059cc     0x10e4 Drivers/STM32F0xx_HAL_Driver/Src/stm32f0xx_hal_uart.o
 .debug_line    0x00006ab0      0x889 Drivers/STM32F0xx_HAL_Driver/Src/stm32f0xx_hal_uart_ex.o
 .debug_line    0x00007339      0x92d Src/dic.o
 .debug_line    0x00007c66      0x70d Src/gpio.o
 .debug_line    0x00008373      0x9a1 Src/main.o
 .debug_line    0x00008d14      0x701 Src/stm32f0xx_hal_msp.o
 .debug_line    0x00009415      0x731 Src/stm32f0xx_it.o
 .debug_line    0x00009b46      0x735 Src/system_stm32f0xx.o
 .debug_line    0x0000a27b      0x79a Src/tim.o
 .debug_line    0x0000aa15      0x74d Src/usart.o
 .debug_line    0x0000b162       0x83 startup/startup_stm32f051x8.o

.debug_str      0x00000000    0x55b0e
 .debug_str     0x00000000    0x52984 Drivers/STM32F0xx_HAL_Driver/Src/stm32f0xx_hal.o
                              0x52c7a (size before relaxing)
 .debug_str     0x00052984      0x1f8 Drivers/STM32F0xx_HAL_Driver/Src/stm32f0xx_hal_cortex.o
                              0x52b28 (size before relaxing)
 .debug_str     0x00052b7c      0x3f9 Drivers/STM32F0xx_HAL_Driver/Src/stm32f0xx_hal_dma.o
                              0x52b2a (size before relaxing)
 .debug_str     0x00052f75      0x294 Drivers/STM32F0xx_HAL_Driver/Src/stm32f0xx_hal_gpio.o
                              0x529e8 (size before relaxing)
 .debug_str     0x00053209      0x331 Drivers/STM32F0xx_HAL_Driver/Src/stm32f0xx_hal_rcc.o
                              0x52b4c (size before relaxing)
 .debug_str     0x0005353a      0x139 Drivers/STM32F0xx_HAL_Driver/Src/stm32f0xx_hal_rcc_ex.o
                              0x528cd (size before relaxing)
 .debug_str     0x00053673      0xf4c Drivers/STM32F0xx_HAL_Driver/Src/stm32f0xx_hal_tim.o
                              0x53896 (size before relaxing)
 .debug_str     0x000545bf      0x50d Drivers/STM32F0xx_HAL_Driver/Src/stm32f0xx_hal_tim_ex.o
                              0x531c2 (size before relaxing)
 .debug_str     0x00054acc      0x8fb Drivers/STM32F0xx_HAL_Driver/Src/stm32f0xx_hal_uart.o
                              0x532fc (size before relaxing)
 .debug_str     0x000553c7      0x177 Drivers/STM32F0xx_HAL_Driver/Src/stm32f0xx_hal_uart_ex.o
                              0x52d6e (size before relaxing)
 .debug_str     0x0005553e       0xc0 Src/dic.o
                              0x527cd (size before relaxing)
 .debug_str     0x000555fe       0x35 Src/gpio.o
                              0x527d0 (size before relaxing)
 .debug_str     0x00055633      0x36f Src/main.o
                              0x5357d (size before relaxing)
 .debug_str     0x000559a2       0x1b Src/stm32f0xx_hal_msp.o
                              0x528dd (size before relaxing)
 .debug_str     0x000559bd       0x69 Src/stm32f0xx_it.o
                              0x52da5 (size before relaxing)
 .debug_str     0x00055a26       0x5a Src/system_stm32f0xx.o
                              0x52741 (size before relaxing)
 .debug_str     0x00055a80       0x44 Src/tim.o
                              0x52f6e (size before relaxing)
 .debug_str     0x00055ac4       0x1a Src/usart.o
                              0x52e80 (size before relaxing)
 .debug_str     0x00055ade       0x30 startup/startup_stm32f051x8.o
                                 0xa3 (size before relaxing)

.comment        0x00000000       0x7e
 .comment       0x00000000       0x7e Drivers/STM32F0xx_HAL_Driver/Src/stm32f0xx_hal.o
                                 0x7f (size before relaxing)
 .comment       0x0000007e       0x7f Drivers/STM32F0xx_HAL_Driver/Src/stm32f0xx_hal_cortex.o
 .comment       0x0000007e       0x7f Drivers/STM32F0xx_HAL_Driver/Src/stm32f0xx_hal_dma.o
 .comment       0x0000007e       0x7f Drivers/STM32F0xx_HAL_Driver/Src/stm32f0xx_hal_gpio.o
 .comment       0x0000007e       0x7f Drivers/STM32F0xx_HAL_Driver/Src/stm32f0xx_hal_rcc.o
 .comment       0x0000007e       0x7f Drivers/STM32F0xx_HAL_Driver/Src/stm32f0xx_hal_rcc_ex.o
 .comment       0x0000007e       0x7f Drivers/STM32F0xx_HAL_Driver/Src/stm32f0xx_hal_tim.o
 .comment       0x0000007e       0x7f Drivers/STM32F0xx_HAL_Driver/Src/stm32f0xx_hal_tim_ex.o
 .comment       0x0000007e       0x7f Drivers/STM32F0xx_HAL_Driver/Src/stm32f0xx_hal_uart.o
 .comment       0x0000007e       0x7f Drivers/STM32F0xx_HAL_Driver/Src/stm32f0xx_hal_uart_ex.o
 .comment       0x0000007e       0x7f Src/dic.o
 .comment       0x0000007e       0x7f Src/gpio.o
 .comment       0x0000007e       0x7f Src/main.o
 .comment       0x0000007e       0x7f Src/stm32f0xx_hal_msp.o
 .comment       0x0000007e       0x7f Src/stm32f0xx_it.o
 .comment       0x0000007e       0x7f Src/system_stm32f0xx.o
 .comment       0x0000007e       0x7f Src/tim.o
 .comment       0x0000007e       0x7f Src/usart.o

.debug_frame    0x00000000     0x232c
 .debug_frame   0x00000000      0x174 Drivers/STM32F0xx_HAL_Driver/Src/stm32f0xx_hal.o
 .debug_frame   0x00000174       0xe4 Drivers/STM32F0xx_HAL_Driver/Src/stm32f0xx_hal_cortex.o
 .debug_frame   0x00000258      0x168 Drivers/STM32F0xx_HAL_Driver/Src/stm32f0xx_hal_dma.o
 .debug_frame   0x000003c0       0xcc Drivers/STM32F0xx_HAL_Driver/Src/stm32f0xx_hal_gpio.o
 .debug_frame   0x0000048c      0x12c Drivers/STM32F0xx_HAL_Driver/Src/stm32f0xx_hal_rcc.o
 .debug_frame   0x000005b8       0x58 Drivers/STM32F0xx_HAL_Driver/Src/stm32f0xx_hal_rcc_ex.o
 .debug_frame   0x00000610      0x9d0 Drivers/STM32F0xx_HAL_Driver/Src/stm32f0xx_hal_tim.o
 .debug_frame   0x00000fe0      0x3a0 Drivers/STM32F0xx_HAL_Driver/Src/stm32f0xx_hal_tim_ex.o
 .debug_frame   0x00001380      0x500 Drivers/STM32F0xx_HAL_Driver/Src/stm32f0xx_hal_uart.o
 .debug_frame   0x00001880       0xfc Drivers/STM32F0xx_HAL_Driver/Src/stm32f0xx_hal_uart_ex.o
 .debug_frame   0x0000197c      0x1a8 Src/dic.o
 .debug_frame   0x00001b24       0x30 Src/gpio.o
 .debug_frame   0x00001b54      0x184 Src/main.o
 .debug_frame   0x00001cd8       0x28 Src/stm32f0xx_hal_msp.o
 .debug_frame   0x00001d00       0x58 Src/stm32f0xx_it.o
 .debug_frame   0x00001d58       0x38 Src/system_stm32f0xx.o
 .debug_frame   0x00001d90       0x88 Src/tim.o
 .debug_frame   0x00001e18       0x58 Src/usart.o
 .debug_frame   0x00001e70       0x20 z:/gcc_arm/bin/../lib/gcc/arm-none-eabi/7.2.1/thumb/v6-m\libgcc.a(_udivsi3.o)
 .debug_frame   0x00001e90       0x2c z:/gcc_arm/bin/../lib/gcc/arm-none-eabi/7.2.1/thumb/v6-m\libgcc.a(eqsf2.o)
 .debug_frame   0x00001ebc       0x2c z:/gcc_arm/bin/../lib/gcc/arm-none-eabi/7.2.1/thumb/v6-m\libgcc.a(gesf2.o)
 .debug_frame   0x00001ee8       0x2c z:/gcc_arm/bin/../lib/gcc/arm-none-eabi/7.2.1/thumb/v6-m\libgcc.a(lesf2.o)
 .debug_frame   0x00001f14       0x3c z:/gcc_arm/bin/../lib/gcc/arm-none-eabi/7.2.1/thumb/v6-m\libgcc.a(divdf3.o)
 .debug_frame   0x00001f50       0x3c z:/gcc_arm/bin/../lib/gcc/arm-none-eabi/7.2.1/thumb/v6-m\libgcc.a(muldf3.o)
 .debug_frame   0x00001f8c       0x2c z:/gcc_arm/bin/../lib/gcc/arm-none-eabi/7.2.1/thumb/v6-m\libgcc.a(fixdfsi.o)
 .debug_frame   0x00001fb8       0x2c z:/gcc_arm/bin/../lib/gcc/arm-none-eabi/7.2.1/thumb/v6-m\libgcc.a(floatsidf.o)
 .debug_frame   0x00001fe4       0x30 z:/gcc_arm/bin/../lib/gcc/arm-none-eabi/7.2.1/thumb/v6-m\libgcc.a(truncdfsf2.o)
 .debug_frame   0x00002014       0x2c z:/gcc_arm/bin/../lib/gcc/arm-none-eabi/7.2.1/../../../../arm-none-eabi/lib/thumb/v6-m\libc_nano.a(lib_a-init.o)
 .debug_frame   0x00002040       0x48 z:/gcc_arm/bin/../lib/gcc/arm-none-eabi/7.2.1/../../../../arm-none-eabi/lib/thumb/v6-m\libc_nano.a(lib_a-sprintf.o)
 .debug_frame   0x00002088       0x74 z:/gcc_arm/bin/../lib/gcc/arm-none-eabi/7.2.1/../../../../arm-none-eabi/lib/thumb/v6-m\libc_nano.a(lib_a-nano-svfprintf.o)
 .debug_frame   0x000020fc       0x54 z:/gcc_arm/bin/../lib/gcc/arm-none-eabi/7.2.1/../../../../arm-none-eabi/lib/thumb/v6-m\libc_nano.a(lib_a-nano-vfprintf_i.o)
 .debug_frame   0x00002150       0x20 z:/gcc_arm/bin/../lib/gcc/arm-none-eabi/7.2.1/../../../../arm-none-eabi/lib/thumb/v6-m\libc_nano.a(lib_a-memchr-stub.o)
 .debug_frame   0x00002170       0x28 z:/gcc_arm/bin/../lib/gcc/arm-none-eabi/7.2.1/../../../../arm-none-eabi/lib/thumb/v6-m\libc_nano.a(lib_a-memcpy-stub.o)
 .debug_frame   0x00002198       0x28 z:/gcc_arm/bin/../lib/gcc/arm-none-eabi/7.2.1/../../../../arm-none-eabi/lib/thumb/v6-m\libc_nano.a(lib_a-memmove.o)
 .debug_frame   0x000021c0       0x2c z:/gcc_arm/bin/../lib/gcc/arm-none-eabi/7.2.1/../../../../arm-none-eabi/lib/thumb/v6-m\libc_nano.a(lib_a-nano-freer.o)
 .debug_frame   0x000021ec       0x2c z:/gcc_arm/bin/../lib/gcc/arm-none-eabi/7.2.1/../../../../arm-none-eabi/lib/thumb/v6-m\libc_nano.a(lib_a-nano-mallocr.o)
 .debug_frame   0x00002218       0x30 z:/gcc_arm/bin/../lib/gcc/arm-none-eabi/7.2.1/../../../../arm-none-eabi/lib/thumb/v6-m\libc_nano.a(lib_a-nano-reallocr.o)
 .debug_frame   0x00002248       0x2c z:/gcc_arm/bin/../lib/gcc/arm-none-eabi/7.2.1/../../../../arm-none-eabi/lib/thumb/v6-m\libc_nano.a(lib_a-sbrkr.o)
 .debug_frame   0x00002274       0x30 z:/gcc_arm/bin/../lib/gcc/arm-none-eabi/7.2.1/../../../../arm-none-eabi/lib/thumb/v6-m\libc_nano.a(lib_a-mlock.o)
 .debug_frame   0x000022a4       0x20 z:/gcc_arm/bin/../lib/gcc/arm-none-eabi/7.2.1/../../../../arm-none-eabi/lib/thumb/v6-m\libc_nano.a(lib_a-nano-msizer.o)
 .debug_frame   0x000022c4       0x48 z:/gcc_arm/bin/../lib/gcc/arm-none-eabi/7.2.1/../../../../arm-none-eabi/lib/thumb/v6-m\libc_nano.a(lib_a-reent.o)
 .debug_frame   0x0000230c       0x20 z:/gcc_arm/bin/../lib/gcc/arm-none-eabi/7.2.1/../../../../arm-none-eabi/lib/thumb/v6-m\libnosys.a(sbrk.o)
